<?xml version="1.0" encoding="utf-8"?><testsuites name="pytest tests"><testsuite name="pytest" errors="0" failures="0" skipped="0" tests="613" time="3.829" timestamp="2026-06-09T09:11:43.265314-05:00" hostname="Pauls-MacBook-Pro.local"><testcase classname="tests.test_api_integration" name="test_root_serves_frontend_shell_when_startup_llm_check_fails" time="0.010" /><testcase classname="tests.test_api_integration" name="test_static_app_js_serves_when_startup_llm_check_fails" time="0.006" /><testcase classname="tests.test_api_integration" name="test_root_serves_frontend_shell" time="0.026" /><testcase classname="tests.test_api_integration" name="test_persona_prompt_sections_have_scoped_observable_controls" time="0.022" /><testcase classname="tests.test_api_integration" name="test_prompt_observable_explain_handlers_are_active" time="0.005" /><testcase classname="tests.test_api_integration" name="test_prompt_observable_explain_popout_textbox_wiring" time="0.009" /><testcase classname="tests.test_api_integration" name="test_prometheus_metrics_endpoint_exposes_application_metrics" time="0.006" /><testcase classname="tests.test_api_integration" name="test_prometheus_metrics_endpoint_refreshes_persisted_thought_stream_inventory" time="0.004" /><testcase classname="tests.test_api_integration" name="test_graph_rag_embedding_config_endpoints_round_trip" time="0.007" /><testcase classname="tests.test_api_integration" name="test_admin_test_report_serves_html_artifact" time="0.004" /><testcase classname="tests.test_api_integration" name="test_admin_test_report_returns_fallback_when_artifact_missing" time="0.004" /><testcase classname="tests.test_api_integration" name="test_admin_test_report_does_not_duplicate_existing_theme_or_helper" time="0.004" /><testcase classname="tests.test_api_integration" name="test_admin_test_log_extracts_explicit_logs" time="0.004" /><testcase classname="tests.test_api_integration" name="test_admin_test_log_falls_back_to_latest_console_output" time="0.004" /><testcase classname="tests.test_api_integration" name="test_admin_run_tests_endpoint_returns_command_result" time="0.004" /><testcase classname="tests.test_api_integration" name="test_admin_run_tests_endpoint_preserves_subsecond_duration" time="0.004" /><testcase classname="tests.test_api_integration" name="test_admin_user_round_trip" time="0.010" /><testcase classname="tests.test_api_integration" name="test_admin_persona_round_trip" time="0.007" /><testcase classname="tests.test_api_integration" name="test_admin_persona_prompt_templates_endpoint" time="0.004" /><testcase classname="tests.test_api_integration" name="test_admin_persona_rag_options_endpoint" time="0.004" /><testcase classname="tests.test_api_integration" name="test_admin_persona_tool_options_endpoint" time="0.003" /><testcase classname="tests.test_api_integration" name="test_admin_persona_graph_session_round_trip" time="0.006" /><testcase classname="tests.test_api_integration" name="test_admin_persona_graph_session_missing_persona_returns_404" time="0.004" /><testcase classname="tests.test_api_integration" name="test_admin_persona_create_rejects_empty_prompt_sections" time="0.004" /><testcase classname="tests.test_api_integration" name="test_admin_persona_complete_functionality_chain" time="0.015" /><testcase classname="tests.test_api_integration" name="test_deposition_upload_endpoint_round_trip" time="0.006" /><testcase classname="tests.test_api_integration" name="test_deposition_browser_endpoint_returns_serialized_payload" time="0.004" /><testcase classname="tests.test_api_integration" name="test_grafana_access_endpoint_returns_serialized_payload" time="0.003" /><testcase classname="tests.test_api_integration" name="test_langfuse_access_endpoint_returns_serialized_payload" time="0.004" /><testcase classname="tests.test_api_integration" name="test_deposition_upload_endpoint_rejects_non_txt" time="0.009" /><testcase classname="tests.test_api_integration" name="test_list_cases_endpoint_returns_serialized_payload" time="0.003" /><testcase classname="tests.test_api_integration" name="test_all_current_observables_have_history" time="0.117" /><testcase classname="tests.test_api_integration" name="test_agent_metrics_endpoint_persists_observable_snapshot" time="0.015" /><testcase classname="tests.test_api_integration" name="test_summarize_focused_reasoning_endpoint_round_trip" time="0.005" /><testcase classname="tests.test_api_integration" name="test_summarize_focused_reasoning_endpoint_validates_payload" time="0.004" /><testcase classname="tests.test_api_integration" name="test_deposition_sentiment_endpoint_round_trip" time="0.005" /><testcase classname="tests.test_api_integration" name="test_deposition_sentiment_endpoint_handles_case_mismatch" time="0.004" /><testcase classname="tests.test_api_integration" name="test_text_sentiment_endpoint_round_trip" time="0.004" /><testcase classname="tests.test_api_integration" name="test_text_sentiment_endpoint_validates_empty_payload" time="0.004" /><testcase classname="tests.test_api_integration" name="test_save_case_then_get_case_detail_round_trip" time="0.006" /><testcase classname="tests.test_api_integration" name="test_save_case_version_then_list_versions_clones_source_docs" time="0.006" /><testcase classname="tests.test_api_integration" name="test_chat_then_reason_updates_case_memory_and_case_detail" time="0.013" /><testcase classname="tests.test_api_integration" name="test_thought_stream_lifecycle_round_trip" time="0.014" /><testcase classname="tests.test_api_integration" name="test_rename_case_round_trip_moves_case_docs_memory_and_depositions" time="0.010" /><testcase classname="tests.test_api_integration" name="test_clear_case_depositions_preserves_case_metadata" time="0.008" /><testcase classname="tests.test_api_integration" name="test_ingest_case_round_trip_populates_case_and_depositions" time="0.010" /><testcase classname="tests.test_api_integration" name="test_ingest_schema_options_endpoint_returns_discovered_schemas" time="0.005" /><testcase classname="tests.test_api_integration" name="test_ingest_schema_crud_round_trip" time="0.012" /><testcase classname="tests.test_api_integration" name="test_graph_rag_query_round_trip_streams_trace_and_rag_records" time="0.008" /><testcase classname="tests.test_api_integration" name="test_graph_rag_query_with_stream_disabled_skips_rag_stream_persistence" time="0.008" /><testcase classname="tests.test_api_integration" name="test_graph_rag_query_without_rag_returns_answer_and_marks_disabled_phase" time="0.008" /><testcase classname="tests.test_api_integration" name="test_add_deposition_root_then_list_directories_includes_uploaded_root" time="0.013" /><testcase classname="tests.test_chat" name="test_init_configures_chat_openai" time="0.000" /><testcase classname="tests.test_chat" name="test_build_context_payload_includes_target_and_peers" time="0.000" /><testcase classname="tests.test_chat" name="test_respond_uses_llm_when_available" time="0.001" /><testcase classname="tests.test_chat" name="test_respond_with_trace_returns_attorney_event" time="0.000" /><testcase classname="tests.test_chat" name="test_respond_with_trace_passes_invoke_config_when_langfuse_enabled" time="0.000" /><testcase classname="tests.test_chat" name="test_respond_normalizes_json_chat_output_to_descriptive_text" time="0.000" /><testcase classname="tests.test_chat" name="test_normalize_chat_output_falls_back_when_raw_text_has_no_bullets" time="0.000" /><testcase classname="tests.test_chat" name="test_normalize_chat_output_replaces_placeholder_and_expands_single_bullet" time="0.000" /><testcase classname="tests.test_chat" name="test_default_chat_sections_with_contradictions_uses_conflict_detail" time="0.000" /><testcase classname="tests.test_chat" name="test_render_chat_sections_fills_missing_details" time="0.000" /><testcase classname="tests.test_chat" name="test_respond_raises_with_fix_on_llm_error" time="0.001" /><testcase classname="tests.test_chat" name="test_respond_uses_selected_llm_override" time="0.000" /><testcase classname="tests.test_chat" name="test_respond_with_trace_uses_default_ollama_metadata_when_no_override" time="0.000" /><testcase classname="tests.test_chat" name="test_summarize_focused_reasoning_passes_invoke_config_when_present" time="0.001" /><testcase classname="tests.test_chat" name="test_reason_about_contradiction_passes_invoke_config_when_present" time="0.000" /><testcase classname="tests.test_chat" name="test_trace_model_name_and_normalize_provider_use_resolved_defaults" time="0.000" /><testcase classname="tests.test_chat" name="test_respond_uses_prompt_templates" time="0.000" /><testcase classname="tests.test_chat" name="test_reason_about_contradiction_uses_llm_when_available" time="0.000" /><testcase classname="tests.test_chat" name="test_reason_about_contradiction_raises_with_fix_on_error" time="0.000" /><testcase classname="tests.test_chat" name="test_reason_about_contradiction_uses_selected_llm_override" time="0.000" /><testcase classname="tests.test_chat" name="test_reason_about_contradiction_uses_prompt_templates" time="0.000" /><testcase classname="tests.test_chat" name="test_reason_about_contradiction_normalizes_json_output" time="0.000" /><testcase classname="tests.test_chat" name="test_reason_about_contradiction_replaces_placeholder_output" time="0.000" /><testcase classname="tests.test_chat" name="test_normalize_reasoning_output_handles_single_bullet" time="0.000" /><testcase classname="tests.test_chat" name="test_normalize_reasoning_output_uses_default_insights_when_no_bullets" time="0.000" /><testcase classname="tests.test_chat" name="test_summarize_focused_reasoning_normalizes_output" time="0.000" /><testcase classname="tests.test_chat" name="test_summarize_focused_reasoning_uses_fallback_when_output_is_placeholder" time="0.000" /><testcase classname="tests.test_chat" name="test_summarize_focused_reasoning_rejects_empty_source" time="0.001" /><testcase classname="tests.test_chat" name="test_summarize_focused_reasoning_wraps_llm_errors" time="0.001" /><testcase classname="tests.test_chat" name="test_normalize_focused_summary_output_falls_back_when_short_answer_is_blank" time="0.000" /><testcase classname="tests.test_chat" name="test_normalize_focused_summary_output_rebuilds_bullets_when_all_placeholders_removed" time="0.001" /><testcase classname="tests.test_chat" name="test_fallback_focused_summary_handles_empty_and_blank_short_answer_prefix" time="0.000" /><testcase classname="tests.test_chat" name="test_parse_json_payload_supports_fenced_and_empty" time="0.000" /><testcase classname="tests.test_chat" name="test_extract_short_answer_falls_back_to_first_line_and_empty" time="0.000" /><testcase classname="tests.test_chat" name="test_extract_bullets_skips_blank_lines" time="0.000" /><testcase classname="tests.test_chat" name="test_default_reasoning_sections_uses_weak_strength_and_summary_fallback" time="0.000" /><testcase classname="tests.test_chat" name="test_pick_peer_for_contradiction_prefers_match_or_first" time="0.000" /><testcase classname="tests.test_chat" name="test_first_claim_statement_reads_first_item_or_empty" time="0.000" /><testcase classname="tests.test_chat" name="test_merge_json_reasoning_handles_string_and_list_fields" time="0.000" /><testcase classname="tests.test_chat" name="test_render_reasoning_sections_fills_missing_insights_and_steps" time="0.000" /><testcase classname="tests.test_chat" name="test_fallback_chat_response_without_contradictions" time="0.000" /><testcase classname="tests.test_chat" name="test_fallback_chat_response_with_contradictions_and_user_focus" time="0.000" /><testcase classname="tests.test_chat" name="test_merge_json_chat_accepts_string_detail_and_preserves_defaults" time="0.000" /><testcase classname="tests.test_chat" name="test_fallback_contradiction_reasoning_strong_threshold" time="0.000" /><testcase classname="tests.test_chat" name="test_fallback_contradiction_reasoning_moderate_threshold" time="0.000" /><testcase classname="tests.test_chat" name="test_fallback_contradiction_reasoning_weak_threshold" time="0.000" /><testcase classname="tests.test_chat" name="test_preview_text_truncates_when_limit_exceeded" time="0.000" /><testcase classname="tests.test_config" name="test_get_settings_reads_environment" time="0.008" /><testcase classname="tests.test_config" name="test_get_settings_is_cached" time="0.006" /><testcase classname="tests.test_couchdb" name="test_init_sets_urls" time="0.000" /><testcase classname="tests.test_couchdb" name="test_close_calls_http_client_close" time="0.000" /><testcase classname="tests.test_couchdb" name="test_ensure_db_accepts_created_and_existing" time="0.000" /><testcase classname="tests.test_couchdb" name="test_ensure_db_raises_last_error" time="0.000" /><testcase classname="tests.test_couchdb" name="test_ensure_db_raises_on_http_error_response" time="0.001" /><testcase classname="tests.test_couchdb" name="test_ensure_deposition_views_creates_missing_design_doc" time="0.000" /><testcase classname="tests.test_couchdb" name="test_ensure_deposition_views_updates_outdated_design_doc" time="0.000" /><testcase classname="tests.test_couchdb" name="test_ensure_deposition_views_skips_when_design_doc_matches" time="0.000" /><testcase classname="tests.test_couchdb" name="test_save_doc_creates_new_doc" time="0.000" /><testcase classname="tests.test_couchdb" name="test_save_doc_with_id_delegates_to_update" time="0.000" /><testcase classname="tests.test_couchdb" name="test_update_doc_requires_id" time="0.001" /><testcase classname="tests.test_couchdb" name="test_update_doc_fetches_rev_when_missing" time="0.000" /><testcase classname="tests.test_couchdb" name="test_update_doc_allows_missing_existing_doc" time="0.000" /><testcase classname="tests.test_couchdb" name="test_update_doc_raises_when_lookup_fails_with_non_404" time="0.000" /><testcase classname="tests.test_couchdb" name="test_get_doc_returns_payload" time="0.000" /><testcase classname="tests.test_couchdb" name="test_delete_doc_uses_given_rev" time="0.000" /><testcase classname="tests.test_couchdb" name="test_delete_doc_fetches_rev_when_missing" time="0.000" /><testcase classname="tests.test_couchdb" name="test_delete_doc_returns_when_doc_missing" time="0.000" /><testcase classname="tests.test_couchdb" name="test_delete_doc_raises_when_lookup_missing_rev" time="0.001" /><testcase classname="tests.test_couchdb" name="test_delete_doc_returns_when_delete_reports_not_found" time="0.000" /><testcase classname="tests.test_couchdb" name="test_delete_doc_requires_id" time="0.001" /><testcase classname="tests.test_couchdb" name="test_find_uses_selector" time="0.000" /><testcase classname="tests.test_couchdb" name="test_view_uses_get_with_params" time="0.000" /><testcase classname="tests.test_couchdb" name="test_view_skips_none_params" time="0.000" /><testcase classname="tests.test_couchdb" name="test_list_depositions_uses_view" time="0.000" /><testcase classname="tests.test_couchdb" name="test_list_depositions_falls_back_to_find_when_view_fails" time="0.000" /><testcase classname="tests.test_couchdb" name="test_list_deposition_counts_uses_grouped_reduce_view" time="0.000" /><testcase classname="tests.test_couchdb" name="test_list_deposition_counts_skips_blank_case_ids_from_view" time="0.000" /><testcase classname="tests.test_couchdb" name="test_list_deposition_counts_falls_back_to_find" time="0.000" /><testcase classname="tests.test_court_case_schema" name="test_court_case_schema_is_discoverable_as_raw_capture" time="0.001" /><testcase classname="tests.test_court_case_schema" name="test_court_case_schema_captures_parties_timing_and_locations" time="0.000" /><testcase classname="tests.test_court_case_schema" name="test_court_case_example_uses_mark_rigler_transcript_metadata" time="0.000" /><testcase classname="tests.test_graph" name="test_init_sets_llm_and_graph" time="0.000" /><testcase classname="tests.test_graph" name="test_build_graph_registers_nodes_and_edges" time="0.000" /><testcase classname="tests.test_graph" name="test_run_invokes_compiled_graph" time="0.000" /><testcase classname="tests.test_graph" name="test_run_invokes_compiled_graph_with_selected_llm" time="0.000" /><testcase classname="tests.test_graph" name="test_run_invokes_compiled_graph_with_selected_schema" time="0.000" /><testcase classname="tests.test_graph" name="test_reassess_case_updates_each_doc" time="0.000" /><testcase classname="tests.test_graph" name="test_read_file_decodes_fallback_encoding" time="0.001" /><testcase classname="tests.test_graph" name="test_read_file_raises_when_all_decodes_fail" time="0.001" /><testcase classname="tests.test_graph" name="test_map_deposition_success_sets_case_and_file" time="0.003" /><testcase classname="tests.test_graph" name="test_map_deposition_uses_default_ollama_trace_metadata" time="0.000" /><testcase classname="tests.test_graph" name="test_map_deposition_passes_invoke_config_and_model_dump_payload" time="0.000" /><testcase classname="tests.test_graph" name="test_coerce_schema_payload_returns_none_for_non_dict_model_dump" time="0.000" /><testcase classname="tests.test_graph" name="test_map_deposition_uses_prompt_templates" time="0.000" /><testcase classname="tests.test_graph" name="test_assess_deposition_passes_invoke_config" time="0.000" /><testcase classname="tests.test_graph" name="test_map_deposition_raises_with_fix_on_exception" time="0.001" /><testcase classname="tests.test_graph" name="test_map_deposition_recovers_from_parse_failure_with_fallback" time="0.000" /><testcase classname="tests.test_graph" name="test_map_deposition_native_schema_persists_normalized_payload_on_parse_recovery" time="0.001" /><testcase classname="tests.test_graph" name="test_map_deposition_uses_selected_llm_override" time="0.000" /><testcase classname="tests.test_graph" name="test_map_deposition_backfills_claims_when_llm_returns_empty" time="0.000" /><testcase classname="tests.test_graph" name="test_map_deposition_validates_dict_payload_from_json_schema" time="0.000" /><testcase classname="tests.test_graph" name="test_map_deposition_non_native_schema_captures_raw_payload_and_falls_back" time="0.000" /><testcase classname="tests.test_graph" name="test_fallback_map_deposition_extracts_metadata_and_claims" time="0.000" /><testcase classname="tests.test_graph" name="test_fallback_map_deposition_without_headers_uses_filename_defaults" time="0.000" /><testcase classname="tests.test_graph" name="test_extract_first_group_and_split_sentences" time="0.001" /><testcase classname="tests.test_graph" name="test_infer_topic_known_and_unknown" time="0.000" /><testcase classname="tests.test_graph" name="test_save_deposition_calls_couchdb_save" time="0.000" /><testcase classname="tests.test_graph" name="test_load_other_depositions_respects_limit" time="0.000" /><testcase classname="tests.test_graph" name="test_evaluate_contradictions_uses_assessor" time="0.000" /><testcase classname="tests.test_graph" name="test_assess_deposition_returns_zero_when_no_peers" time="0.000" /><testcase classname="tests.test_graph" name="test_assess_deposition_uses_llm_when_available" time="0.000" /><testcase classname="tests.test_graph" name="test_assess_deposition_uses_fallback_when_llm_returns_zero" time="0.000" /><testcase classname="tests.test_graph" name="test_assess_deposition_skips_fallback_when_llm_has_contradictions" time="0.000" /><testcase classname="tests.test_graph" name="test_assess_deposition_keeps_llm_result_when_fallback_not_stronger" time="0.000" /><testcase classname="tests.test_graph" name="test_assess_deposition_uses_prompt_templates" time="0.000" /><testcase classname="tests.test_graph" name="test_assess_deposition_raises_with_fix_when_llm_errors" time="0.000" /><testcase classname="tests.test_graph" name="test_assess_deposition_recovers_from_parse_failure_with_fallback" time="0.000" /><testcase classname="tests.test_graph" name="test_assess_deposition_uses_selected_llm_override" time="0.000" /><testcase classname="tests.test_graph" name="test_fallback_assess_detects_conflict_and_scores" time="0.000" /><testcase classname="tests.test_graph" name="test_fallback_assess_returns_zero_when_no_overlap" time="0.001" /><testcase classname="tests.test_graph" name="test_fallback_assess_handles_empty_claims_duplicate_keys_and_limit_breaks" time="0.001" /><testcase classname="tests.test_graph" name="test_topics_overlap_and_keyword_tokens" time="0.000" /><testcase classname="tests.test_graph" name="test_claims_conflict_cases[I did not strike rack C.-I struck rack C.-True]" time="0.000" /><testcase classname="tests.test_graph" name="test_claims_conflict_cases[I arrived at 9:10 a.m.-I arrived at 9:40 a.m.-True]" time="0.000" /><testcase classname="tests.test_graph" name="test_claims_conflict_cases[There were 2 drums.-There were 5 drums.-True]" time="0.000" /><testcase classname="tests.test_graph" name="test_claims_conflict_cases[The rack was damaged.-The rack was damaged.-False]" time="0.000" /><testcase classname="tests.test_graph" name="test_contains_negation_and_extract_time_minutes" time="0.000" /><testcase classname="tests.test_graph" name="test_persist_assessment_updates_doc_and_saves" time="0.000" /><testcase classname="tests.test_graph" name="test_append_assessment_trace_and_preview_truncation" time="0.000" /><testcase classname="tests.test_internal_docs" name="test_generate_internal_docs_contains_key_artifacts_and_functions" time="0.095" /><testcase classname="tests.test_internal_docs" name="test_tracked_docs_do_not_embed_repo_absolute_paths" time="0.001" /><testcase classname="tests.test_k8s_bundle" name="test_kustomize_renders_expected_resource_set" time="0.055" /><testcase classname="tests.test_k8s_bundle" name="test_api_deployment_wiring_is_correct" time="0.055" /><testcase classname="tests.test_k8s_bundle" name="test_ollama_deployment_requests_gpu" time="0.053" /><testcase classname="tests.test_k8s_bundle" name="test_storage_and_ingress_manifests_have_aws_settings" time="0.051" /><testcase classname="tests.test_k8s_bundle" name="test_shell_scripts_are_syntax_valid" time="0.015" /><testcase classname="tests.test_langfuse_integration" name="test_langfuse_sdk_installed_false_when_any_dependency_missing" time="0.000" /><testcase classname="tests.test_langfuse_integration" name="test_langfuse_enabled_requires_flag_sdk_and_credentials" time="0.000" /><testcase classname="tests.test_langfuse_integration" name="test_initialize_langfuse_returns_true_when_already_initialized" time="0.000" /><testcase classname="tests.test_langfuse_integration" name="test_initialize_langfuse_returns_false_when_not_enabled" time="0.000" /><testcase classname="tests.test_langfuse_integration" name="test_initialize_langfuse_initializes_client" time="0.000" /><testcase classname="tests.test_langfuse_integration" name="test_initialize_langfuse_logs_and_returns_false_on_error" time="0.000" /><testcase classname="tests.test_langfuse_integration" name="test_shutdown_langfuse_noops_when_not_initialized" time="0.000" /><testcase classname="tests.test_langfuse_integration" name="test_shutdown_langfuse_logs_when_shutdown_fails" time="0.000" /><testcase classname="tests.test_langfuse_integration" name="test_trim_string_and_normalizers" time="0.000" /><testcase classname="tests.test_langfuse_integration" name="test_observe_operation_yields_none_when_initialization_disabled" time="0.000" /><testcase classname="tests.test_langfuse_integration" name="test_observe_operation_uses_propagation_and_observation_contexts" time="0.000" /><testcase classname="tests.test_langfuse_integration" name="test_observe_operation_logs_and_yields_none_on_context_failure" time="0.000" /><testcase classname="tests.test_langfuse_integration" name="test_build_langchain_config_returns_empty_when_disabled" time="0.000" /><testcase classname="tests.test_langfuse_integration" name="test_build_langchain_config_includes_callback_and_metadata" time="0.000" /><testcase classname="tests.test_langfuse_integration" name="test_build_langchain_config_sets_operation_when_optional_fields_missing" time="0.000" /><testcase classname="tests.test_langfuse_integration" name="test_prompt_and_response_heuristics_cover_structure_and_placeholders" time="0.000" /><testcase classname="tests.test_langfuse_integration" name="test_score_current_trace_returns_false_when_disabled" time="0.000" /><testcase classname="tests.test_langfuse_integration" name="test_score_current_trace_logs_and_returns_false_on_sdk_error" time="0.000" /><testcase classname="tests.test_langfuse_integration" name="test_score_current_trace_handles_missing_method_and_success" time="0.000" /><testcase classname="tests.test_langfuse_integration" name="test_score_current_trace_succeeds_when_only_span_scorer_is_available" time="0.000" /><testcase classname="tests.test_langfuse_integration" name="test_score_user_prompt_and_response_emits_expected_scores" time="0.000" /><testcase classname="tests.test_langfuse_integration" name="test_score_observable_dashboard_emits_summary_metric_values_and_statuses" time="0.000" /><testcase classname="tests.test_langfuse_integration" name="test_normalize_observable_group_name_maps_mcp_aliases" time="0.000" /><testcase classname="tests.test_llm" name="test_parse_model_list_filters_empty_values" time="0.000" /><testcase classname="tests.test_llm" name="test_dedupe_preserve_order" time="0.000" /><testcase classname="tests.test_llm" name="test_resolve_llm_selection_rejects_invalid_provider" time="0.001" /><testcase classname="tests.test_llm" name="test_resolve_llm_selection_uses_explicit_model" time="0.000" /><testcase classname="tests.test_llm" name="test_resolve_llm_selection_uses_openai_fallback_model_list" time="0.000" /><testcase classname="tests.test_llm" name="test_resolve_llm_selection_uses_ollama_fallback_model_list" time="0.000" /><testcase classname="tests.test_llm" name="test_resolve_llm_selection_uses_ollama_default_model" time="0.000" /><testcase classname="tests.test_llm" name="test_build_chat_model_openai" time="0.000" /><testcase classname="tests.test_llm" name="test_build_chat_model_ollama_without_dependency" time="0.001" /><testcase classname="tests.test_llm" name="test_build_chat_model_ollama" time="0.000" /><testcase classname="tests.test_llm" name="test_fetch_ollama_models_success" time="0.000" /><testcase classname="tests.test_llm" name="test_fetch_ollama_models_error_returns_empty" time="0.000" /><testcase classname="tests.test_llm" name="test_list_llm_options_uses_live_ollama_and_configured_openai" time="0.000" /><testcase classname="tests.test_llm" name="test_list_llm_options_uses_ollama_fallback_when_tags_unavailable" time="0.000" /><testcase classname="tests.test_llm" name="test_list_llm_options_skips_blank_openai_entries" time="0.000" /><testcase classname="tests.test_llm" name="test_possible_fix_from_exception_for_openai_missing_key" time="0.000" /><testcase classname="tests.test_llm" name="test_possible_fix_from_exception_for_ollama_connection_refused" time="0.000" /><testcase classname="tests.test_llm" name="test_possible_fix_from_exception_for_openai_model_not_found" time="0.000" /><testcase classname="tests.test_llm" name="test_possible_fix_from_exception_for_openai_generic" time="0.000" /><testcase classname="tests.test_llm" name="test_possible_fix_from_exception_for_openai_output_parsing" time="0.000" /><testcase classname="tests.test_llm" name="test_possible_fix_from_exception_for_openai_timeout" time="0.000" /><testcase classname="tests.test_llm" name="test_possible_fix_from_exception_for_ollama_model_not_found" time="0.000" /><testcase classname="tests.test_llm" name="test_possible_fix_from_exception_for_ollama_generic" time="0.000" /><testcase classname="tests.test_llm" name="test_possible_fix_from_exception_for_ollama_output_parsing" time="0.000" /><testcase classname="tests.test_llm" name="test_possible_fix_from_exception_for_ollama_timeout" time="0.000" /><testcase classname="tests.test_llm" name="test_normalize_ollama_model_names" time="0.000" /><testcase classname="tests.test_llm" name="test_normalize_ollama_model_names_skips_empty_items" time="0.000" /><testcase classname="tests.test_llm" name="test_assert_ollama_model_loaded_missing_service" time="0.001" /><testcase classname="tests.test_llm" name="test_assert_ollama_model_loaded_model_not_found" time="0.000" /><testcase classname="tests.test_llm" name="test_assert_ollama_model_loaded_accepts_latest_alias" time="0.000" /><testcase classname="tests.test_llm" name="test_probe_structured_output_empty_ready_raises" time="0.001" /><testcase classname="tests.test_llm" name="test_probe_structured_output_ollama_uses_json_mode" time="0.000" /><testcase classname="tests.test_llm" name="test_probe_structured_output_timeout" time="0.000" /><testcase classname="tests.test_llm" name="test_ensure_llm_operational_openai_missing_key" time="0.001" /><testcase classname="tests.test_llm" name="test_ensure_llm_operational_probe_failure_wrapped" time="0.001" /><testcase classname="tests.test_llm" name="test_ensure_llm_operational_reraises_operational_error" time="0.001" /><testcase classname="tests.test_llm" name="test_ensure_llm_operational_success" time="0.000" /><testcase classname="tests.test_llm" name="test_ensure_llm_operational_uses_ttl_cache" time="0.000" /><testcase classname="tests.test_llm" name="test_ensure_llm_operational_force_probe_bypasses_cache" time="0.000" /><testcase classname="tests.test_llm" name="test_ensure_llm_operational_no_cache_when_ttl_disabled" time="0.000" /><testcase classname="tests.test_llm" name="test_clear_llm_readiness_cache_forces_reprobe" time="0.000" /><testcase classname="tests.test_llm" name="test_quick_llm_option_check_openai_key_required" time="0.000" /><testcase classname="tests.test_llm" name="test_quick_llm_option_check_openai_with_key_succeeds" time="0.000" /><testcase classname="tests.test_llm" name="test_quick_llm_option_check_ollama_uses_model_assertion" time="0.000" /><testcase classname="tests.test_llm" name="test_get_llm_option_status_success" time="0.000" /><testcase classname="tests.test_llm" name="test_get_llm_option_status_force_probe_success" time="0.000" /><testcase classname="tests.test_llm" name="test_get_llm_option_status_failure" time="0.000" /><testcase classname="tests.test_llm" name="test_get_llm_option_status_force_probe_failure" time="0.000" /><testcase classname="tests.test_llm" name="test_llm_failure_message_includes_fix" time="0.000" /><testcase classname="tests.test_logging" name="test_configure_application_logging_is_idempotent" time="0.001" /><testcase classname="tests.test_logging" name="test_configure_application_logging_writes_to_requested_file" time="0.001" /><testcase classname="tests.test_logging" name="test_get_logger_returns_application_scoped_logger" time="0.000" /><testcase classname="tests.test_logging" name="test_log_level_resolution_and_logger_variants" time="0.000" /><testcase classname="tests.test_logging" name="test_prometheus_log_handler_swallows_metric_recording_errors" time="0.000" /><testcase classname="tests.test_logging" name="test_request_logging_middleware_emits_completion_log" time="0.006" /><testcase classname="tests.test_logging" name="test_request_logging_middleware_emits_failure_log" time="0.002" /><testcase classname="tests.test_logging" name="test_run_admin_tests_logs_start_and_completion" time="0.001" /><testcase classname="tests.test_logging" name="test_save_admin_user_logs_create" time="0.000" /><testcase classname="tests.test_main" name="test_path_has_glob_detection" time="0.000" /><testcase classname="tests.test_main" name="test_request_metrics_path_prefers_route_pattern_and_falls_back_to_url" time="0.000" /><testcase classname="tests.test_main" name="test_collect_txt_files_from_directory_file_and_glob" time="0.002" /><testcase classname="tests.test_main" name="test_collect_owl_files_from_directory_file_and_glob" time="0.002" /><testcase classname="tests.test_main" name="test_resolve_upload_directory_and_sanitize_filename" time="0.001" /><testcase classname="tests.test_main" name="test_resolve_upload_root_directory_prefers_nearest_matching_root" time="0.001" /><testcase classname="tests.test_main" name="test_resolve_upload_directory_rejects_missing_target" time="0.000" /><testcase classname="tests.test_main" name="test_upload_depositions_rejects_empty_list_and_non_txt" time="0.023" /><testcase classname="tests.test_main" name="test_upload_depositions_saves_to_selected_and_root_directory" time="0.001" /><testcase classname="tests.test_main" name="test_upload_depositions_wraps_write_error_and_ignores_close_error" time="0.010" /><testcase classname="tests.test_main" name="test_render_themed_admin_test_report_returns_input_when_already_themed" time="0.000" /><testcase classname="tests.test_main" name="test_render_themed_admin_test_report_prefixes_style_without_head" time="0.000" /><testcase classname="tests.test_main" name="test_render_themed_admin_test_report_adds_helper_when_theme_exists_without_helper" time="0.000" /><testcase classname="tests.test_main" name="test_admin_report_helper_script_covers_row_log_and_summary_toggles" time="0.000" /><testcase classname="tests.test_main" name="test_render_themed_admin_test_report_inserts_helper_before_body_end" time="0.000" /><testcase classname="tests.test_main" name="test_extract_test_report_log_output_handles_missing_file" time="0.001" /><testcase classname="tests.test_main" name="test_extract_test_report_log_output_handles_missing_data_blob" time="0.001" /><testcase classname="tests.test_main" name="test_extract_test_report_log_output_handles_bad_payload_and_no_explicit_logs" time="0.001" /><testcase classname="tests.test_main" name="test_extract_test_report_log_output_skips_non_list_and_non_dict_runs" time="0.001" /><testcase classname="tests.test_main" name="test_persist_last_test_run_output_defaults_when_empty" time="0.001" /><testcase classname="tests.test_main" name="test_persist_last_test_run_output_ignores_filesystem_failures" time="0.001" /><testcase classname="tests.test_main" name="test_persist_last_test_run_output_ignores_directory_creation_failures" time="0.000" /><testcase classname="tests.test_main" name="test_extract_test_report_log_output_uses_latest_console_output_fallbacks" time="0.001" /><testcase classname="tests.test_main" name="test_extract_test_report_log_output_combines_console_output_before_explicit_logs" time="0.001" /><testcase classname="tests.test_main" name="test_list_admin_users_skips_invalid_docs_and_save_admin_user_validates" time="0.001" /><testcase classname="tests.test_main" name="test_list_admin_users_handles_find_errors_and_skips_invalid_name_shapes" time="0.000" /><testcase classname="tests.test_main" name="test_save_admin_user_rejects_partial_name_and_missing_existing_user" time="0.000" /><testcase classname="tests.test_main" name="test_save_admin_user_rejects_non_user_existing_doc" time="0.001" /><testcase classname="tests.test_main" name="test_save_admin_user_updates_existing_doc" time="0.000" /><testcase classname="tests.test_main" name="test_delete_admin_user_permanently_removes_doc" time="0.000" /><testcase classname="tests.test_main" name="test_delete_admin_user_rejects_missing_or_wrong_type" time="0.000" /><testcase classname="tests.test_main" name="test_list_and_save_admin_personas" time="0.002" /><testcase classname="tests.test_main" name="test_save_admin_persona_updates_existing_doc" time="0.001" /><testcase classname="tests.test_main" name="test_normalize_persona_rag_sequence_deduplicates_and_skips_unknown" time="0.000" /><testcase classname="tests.test_main" name="test_normalize_persona_tool_sequence_deduplicates_and_skips_unknown" time="0.000" /><testcase classname="tests.test_main" name="test_save_admin_persona_graph_session_updates_existing_doc" time="0.000" /><testcase classname="tests.test_main" name="test_list_admin_personas_handles_find_errors_and_skips_invalid_items" time="0.000" /><testcase classname="tests.test_main" name="test_list_admin_personas_maps_legacy_context_prompt_by_template_key" time="0.000" /><testcase classname="tests.test_main" name="test_save_admin_persona_validates_required_fields_and_missing_existing_doc" time="0.001" /><testcase classname="tests.test_main" name="test_save_admin_persona_accepts_structured_prompt_sections" time="0.001" /><testcase classname="tests.test_main" name="test_current_persona_prompt_templates_returns_runtime_prompt_inventory" time="0.000" /><testcase classname="tests.test_main" name="test_current_persona_tool_options_returns_runtime_tool_inventory" time="0.000" /><testcase classname="tests.test_main" name="test_run_admin_tests_timeout_and_failure" time="0.002" /><testcase classname="tests.test_main" name="test_run_admin_tests_uses_verbose_logging_command" time="0.001" /><testcase classname="tests.test_main" name="test_build_ingest_candidates_handles_container_mapping" time="0.008" /><testcase classname="tests.test_main" name="test_build_ingest_candidates_relative_input_and_relative_config" time="0.006" /><testcase classname="tests.test_main" name="test_build_ingest_candidates_deduplicates" time="0.006" /><testcase classname="tests.test_main" name="test_build_ingest_candidates_handles_legacy_oj_folder_alias" time="0.005" /><testcase classname="tests.test_main" name="test_build_ingest_candidates_oj_alias_with_relative_config" time="0.006" /><testcase classname="tests.test_main" name="test_build_ingest_candidates_handles_default_prefixed_oj_path" time="0.004" /><testcase classname="tests.test_main" name="test_build_ingest_candidates_non_container_path" time="0.000" /><testcase classname="tests.test_main" name="test_lifespan_ensures_and_closes_couchdb" time="0.002" /><testcase classname="tests.test_main" name="test_lifespan_continues_when_startup_llm_check_fails" time="0.001" /><testcase classname="tests.test_main" name="test_resolve_ingest_txt_files_deduplicates" time="0.001" /><testcase classname="tests.test_main" name="test_resolve_ingest_txt_files_raises_when_no_matches" time="0.000" /><testcase classname="tests.test_main" name="test_resolve_ontology_owl_files_from_relative_path" time="0.001" /><testcase classname="tests.test_main" name="test_resolve_ontology_owl_files_raises_when_no_matches" time="0.001" /><testcase classname="tests.test_main" name="test_resolve_ontology_owl_files_deduplicates_candidates_and_files" time="0.001" /><testcase classname="tests.test_main" name="test_configured_ontology_root_resolves_relative_path" time="0.001" /><testcase classname="tests.test_main" name="test_list_ontology_owl_options_includes_wildcard_and_nested_files" time="0.001" /><testcase classname="tests.test_main" name="test_resolve_ontology_browser_directory_resolves_relative_and_file_paths" time="0.001" /><testcase classname="tests.test_main" name="test_resolve_ontology_browser_directory_defaults_to_base_when_path_missing" time="0.001" /><testcase classname="tests.test_main" name="test_resolve_ontology_browser_directory_falls_back_to_nearest_existing_parent" time="0.001" /><testcase classname="tests.test_main" name="test_resolve_ontology_browser_directory_handles_wildcard_and_missing_owl_file" time="0.001" /><testcase classname="tests.test_main" name="test_resolve_ontology_browser_directory_falls_back_to_base_when_root_missing" time="0.001" /><testcase classname="tests.test_main" name="test_resolve_ontology_browser_directory_rejects_outside_base" time="0.001" /><testcase classname="tests.test_main" name="test_resolve_ontology_browser_directory_rejects_non_owl_file" time="0.001" /><testcase classname="tests.test_main" name="test_resolve_ontology_browser_directory_rejects_non_directory_target" time="0.001" /><testcase classname="tests.test_main" name="test_list_ontology_browser_entries_lists_directories_and_owl_files_only" time="0.001" /><testcase classname="tests.test_main" name="test_list_ontology_browser_entries_returns_empty_for_missing_path" time="0.001" /><testcase classname="tests.test_main" name="test_root_returns_index_file_response" time="0.000" /><testcase classname="tests.test_main" name="test_get_deposition_directories_returns_discovered_options" time="0.007" /><testcase classname="tests.test_main" name="test_deposition_browser_base_directory_fallbacks" time="0.001" /><testcase classname="tests.test_main" name="test_resolve_deposition_browser_directory_supports_relative_file_wildcard_and_missing" time="0.002" /><testcase classname="tests.test_main" name="test_resolve_deposition_browser_directory_maps_depositions_prefix_into_base" time="0.001" /><testcase classname="tests.test_main" name="test_resolve_deposition_browser_directory_defaults_to_base_without_path" time="0.001" /><testcase classname="tests.test_main" name="test_resolve_deposition_browser_directory_handles_existing_special_file_and_missing_child_under_file" time="0.001" /><testcase classname="tests.test_main" name="test_list_deposition_browser_entries_lists_directories_and_txt_files_only" time="0.001" /><testcase classname="tests.test_main" name="test_list_deposition_browser_entries_returns_empty_for_missing_path" time="0.001" /><testcase classname="tests.test_main" name="test_deposition_browser_returns_serialized_entries" time="0.000" /><testcase classname="tests.test_main" name="test_grafana_access_info_uses_runtime_settings" time="0.000" /><testcase classname="tests.test_main" name="test_langfuse_access_info_uses_runtime_settings" time="0.000" /><testcase classname="tests.test_main" name="test_txt_count_returns_zero_for_missing_path" time="0.001" /><testcase classname="tests.test_main" name="test_add_directory_option_skips_missing_and_duplicates" time="0.001" /><testcase classname="tests.test_main" name="test_add_directory_option_skips_directory_without_txt" time="0.001" /><testcase classname="tests.test_main" name="test_add_directory_option_includes_directory_with_nested_txt" time="0.001" /><testcase classname="tests.test_main" name="test_configured_deposition_root_uses_relative_app_root" time="0.000" /><testcase classname="tests.test_main" name="test_ingestable_directory_count" time="0.001" /><testcase classname="tests.test_main" name="test_list_deposition_directories_skips_missing_roots" time="0.005" /><testcase classname="tests.test_main" name="test_resolve_directory_base_prefers_configured_when_mounted_missing" time="0.001" /><testcase classname="tests.test_main" name="test_resolve_directory_base_prefers_root_with_more_options" time="0.002" /><testcase classname="tests.test_main" name="test_resolve_directory_base_fallback_when_no_roots_exist" time="0.001" /><testcase classname="tests.test_main" name="test_list_deposition_directories_returns_empty_when_base_missing" time="0.005" /><testcase classname="tests.test_main" name="test_configured_extra_deposition_roots_resolve_absolute_and_relative" time="0.003" /><testcase classname="tests.test_main" name="test_build_ingest_candidates_includes_extra_roots" time="0.004" /><testcase classname="tests.test_main" name="test_list_deposition_directories_includes_extra_roots" time="0.006" /><testcase classname="tests.test_main" name="test_list_deposition_directories_skips_duplicate_extra_root" time="0.001" /><testcase classname="tests.test_main" name="test_cached_extra_deposition_roots_loaded_from_couch" time="0.000" /><testcase classname="tests.test_main" name="test_cached_extra_deposition_roots_handles_find_errors" time="0.000" /><testcase classname="tests.test_main" name="test_deposition_root_doc_id_is_stable" time="0.000" /><testcase classname="tests.test_main" name="test_build_ingest_candidates_includes_alias_for_extra_root" time="0.004" /><testcase classname="tests.test_main" name="test_add_deposition_root_endpoint_success" time="0.001" /><testcase classname="tests.test_main" name="test_add_deposition_root_endpoint_validation_errors" time="0.000" /><testcase classname="tests.test_main" name="test_add_deposition_root_endpoint_normalize_permission_and_cache_failures" time="0.001" /><testcase classname="tests.test_main" name="test_normalize_deposition_root_path_resolves_absolute_and_relative" time="0.001" /><testcase classname="tests.test_main" name="test_cache_deposition_root_creates_and_updates_existing" time="0.000" /><testcase classname="tests.test_main" name="test_trace_session_endpoints_save_and_delete" time="0.002" /><testcase classname="tests.test_main" name="test_public_trace_session_and_trace_sequence_helpers" time="0.000" /><testcase classname="tests.test_main" name="test_refresh_thought_stream_inventory_metrics_syncs_counts" time="0.000" /><testcase classname="tests.test_main" name="test_load_and_ensure_trace_session_branches" time="0.000" /><testcase classname="tests.test_main" name="test_flush_trace_session_and_snapshot_branches" time="0.001" /><testcase classname="tests.test_main" name="test_append_and_delete_trace_event_branches" time="0.003" /><testcase classname="tests.test_main" name="test_append_trace_events_records_metrics_and_logs" time="0.003" /><testcase classname="tests.test_main" name="test_rag_stream_doc_id_prefix_and_uniqueness" time="0.000" /><testcase classname="tests.test_main" name="test_append_rag_stream_event_persists_doc" time="0.000" /><testcase classname="tests.test_main" name="test_append_rag_stream_event_ignores_storage_failures" time="0.000" /><testcase classname="tests.test_main" name="test_thought_stream_health_success" time="0.000" /><testcase classname="tests.test_main" name="test_thought_stream_health_failure" time="0.000" /><testcase classname="tests.test_main" name="test_rag_stream_health_success" time="0.000" /><testcase classname="tests.test_main" name="test_rag_stream_health_failure" time="0.000" /><testcase classname="tests.test_main" name="test_thought_stream_health_route_registered_before_dynamic_trace_route" time="0.000" /><testcase classname="tests.test_main" name="test_graph_browser_info_returns_settings" time="0.000" /><testcase classname="tests.test_main" name="test_graph_browser_launch_url_overrides_existing_query_params" time="0.000" /><testcase classname="tests.test_main" name="test_browser_reachable_bolt_url_maps_container_alias_to_browser_host" time="0.000" /><testcase classname="tests.test_main" name="test_browser_reachable_bolt_url_keeps_public_host_unchanged" time="0.000" /><testcase classname="tests.test_main" name="test_browser_reachable_bolt_url_non_bolt_scheme_and_missing_host" time="0.000" /><testcase classname="tests.test_main" name="test_browser_reachable_bolt_url_single_label_and_userinfo_branches" time="0.000" /><testcase classname="tests.test_main" name="test_graph_rag_health_uses_client_payload" time="0.000" /><testcase classname="tests.test_main" name="test_graph_rag_embedding_config_defaults_when_doc_missing" time="0.000" /><testcase classname="tests.test_main" name="test_save_graph_rag_embedding_config_persists_doc" time="0.000" /><testcase classname="tests.test_main" name="test_build_graph_rag_query_embedding_returns_none_when_disabled" time="0.000" /><testcase classname="tests.test_main" name="test_build_graph_rag_query_embedding_uses_openai" time="0.000" /><testcase classname="tests.test_main" name="test_graph_rag_owl_options_returns_dropdown_payload" time="0.000" /><testcase classname="tests.test_main" name="test_graph_rag_owl_browser_returns_file_browser_payload" time="0.000" /><testcase classname="tests.test_main" name="test_load_graph_rag_ontology_success" time="0.001" /><testcase classname="tests.test_main" name="test_load_graph_rag_ontology_validation_and_error_paths" time="0.000" /><testcase classname="tests.test_main" name="test_query_graph_rag_success" time="0.001" /><testcase classname="tests.test_main" name="test_query_graph_rag_with_rag_disabled" time="0.002" /><testcase classname="tests.test_main" name="test_query_graph_rag_with_stream_logging_disabled" time="0.002" /><testcase classname="tests.test_main" name="test_query_graph_rag_toggle_influences_answer" time="0.004" /><testcase classname="tests.test_main" name="test_query_graph_rag_validation_and_error_paths" time="0.007" /><testcase classname="tests.test_main" name="test_query_graph_rag_fallback_when_llm_content_is_empty" time="0.002" /><testcase classname="tests.test_main" name="test_save_and_delete_trace_session_endpoint_validation_and_not_found" time="0.000" /><testcase classname="tests.test_main" name="test_collect_runtime_trace_sessions_prefers_memory_and_handles_db_failure" time="0.000" /><testcase classname="tests.test_main" name="test_metrics_helper_primitives_cover_edge_paths" time="0.000" /><testcase classname="tests.test_main" name="test_normalize_metrics_session_defaults_and_missing_trace_id" time="0.000" /><testcase classname="tests.test_main" name="test_collect_runtime_trace_sessions_merges_persisted_with_memory" time="0.000" /><testcase classname="tests.test_main" name="test_compute_agent_runtime_metrics_calculates_thresholded_kpis" time="0.001" /><testcase classname="tests.test_main" name="test_compute_agent_runtime_metrics_handles_empty_finished_runs" time="0.001" /><testcase classname="tests.test_main" name="test_compute_llm_io_metrics_returns_prompt_and_output_sizes" time="0.000" /><testcase classname="tests.test_main" name="test_compute_llm_io_metrics_skips_non_dict_trace_events" time="0.000" /><testcase classname="tests.test_main" name="test_collect_recent_rag_stream_events_and_compute_influence_metrics" time="0.000" /><testcase classname="tests.test_main" name="test_collect_recent_rag_stream_events_and_influence_branch_edges" time="0.000" /><testcase classname="tests.test_main" name="test_compute_correctness_drift_metrics_returns_live_values" time="0.000" /><testcase classname="tests.test_main" name="test_compute_mcp_tool_metrics_returns_proxy_values" time="0.000" /><testcase classname="tests.test_main" name="test_correctness_helper_branches_and_edge_cases" time="0.000" /><testcase classname="tests.test_main" name="test_collect_recent_rag_stream_events_handles_db_failure" time="0.000" /><testcase classname="tests.test_main" name="test_get_agent_metrics_endpoint_validates_lookback" time="0.018" /><testcase classname="tests.test_main" name="test_get_agent_metrics_persists_full_observable_snapshot" time="0.011" /><testcase classname="tests.test_main" name="test_compute_agent_metric_history_builds_runtime_and_rag_series" time="0.002" /><testcase classname="tests.test_main" name="test_compute_agent_metric_history_marks_unavailable_correctness_values_explicitly" time="0.001" /><testcase classname="tests.test_main" name="test_coerce_metric_history_value_handles_numeric_boolean_and_non_numeric" time="0.000" /><testcase classname="tests.test_main" name="test_collect_recent_observable_snapshots_filters_and_sorts" time="0.000" /><testcase classname="tests.test_main" name="test_collect_recent_observable_snapshots_handles_store_failures_and_bad_rows" time="0.000" /><testcase classname="tests.test_main" name="test_persist_observable_snapshot_ignores_storage_errors" time="0.010" /><testcase classname="tests.test_main" name="test_find_metric_in_snapshot_skips_malformed_rows" time="0.000" /><testcase classname="tests.test_main" name="test_compute_agent_metric_history_prefers_persisted_observable_snapshots" time="0.001" /><testcase classname="tests.test_main" name="test_compute_agent_metric_history_uses_snapshot_llm_call_denominator" time="0.001" /><testcase classname="tests.test_main" name="test_metric_history_sample_size_uses_correct_denominator_families" time="0.000" /><testcase classname="tests.test_main" name="test_get_agent_metric_history_endpoint_validates_and_handles_missing_metric" time="0.004" /><testcase classname="tests.test_main" name="test_suggest_directory_option_empty_and_fallback" time="0.000" /><testcase classname="tests.test_main" name="test_case_doc_id_and_load_case_doc" time="0.001" /><testcase classname="tests.test_main" name="test_save_case_memory_and_upsert_case_doc" time="0.001" /><testcase classname="tests.test_main" name="test_save_case_memory_and_upsert_case_doc_wrap_errors" time="0.000" /><testcase classname="tests.test_main" name="test_list_case_summaries_and_case_endpoints" time="0.001" /><testcase classname="tests.test_main" name="test_case_endpoints_wrap_errors" time="0.000" /><testcase classname="tests.test_main" name="test_delete_case_docs_includes_memory_database" time="0.000" /><testcase classname="tests.test_main" name="test_delete_case_docs_skips_duplicate_or_blank_memory_ids" time="0.000" /><testcase classname="tests.test_main" name="test_delete_case_deposition_docs_and_clear_case_depositions_endpoint" time="0.000" /><testcase classname="tests.test_main" name="test_clear_case_depositions_endpoint_errors" time="0.000" /><testcase classname="tests.test_main" name="test_save_case_endpoint_and_rename_case_docs" time="0.001" /><testcase classname="tests.test_main" name="test_rename_case_docs_includes_memory_database" time="0.000" /><testcase classname="tests.test_main" name="test_rename_case_docs_skips_duplicate_or_blank_memory_ids" time="0.000" /><testcase classname="tests.test_main" name="test_rename_case_endpoint_branches" time="0.001" /><testcase classname="tests.test_main" name="test_list_case_versions_and_save_case_version" time="0.000" /><testcase classname="tests.test_main" name="test_case_has_docs_and_clone_case_contents" time="0.000" /><testcase classname="tests.test_main" name="test_case_has_docs_uses_memory_database_fallback" time="0.000" /><testcase classname="tests.test_main" name="test_save_case_version_clones_when_case_id_changes" time="0.001" /><testcase classname="tests.test_main" name="test_list_case_versions_skips_invalid_docs" time="0.000" /><testcase classname="tests.test_main" name="test_list_case_versions_and_save_case_version_errors" time="0.000" /><testcase classname="tests.test_main" name="test_get_llm_options_returns_payload" time="0.000" /><testcase classname="tests.test_main" name="test_get_llm_options_force_probe_forwards_flag" time="0.000" /><testcase classname="tests.test_main" name="test_get_llm_options_force_probe_parallel_branch" time="0.001" /><testcase classname="tests.test_main" name="test_resolve_request_llm_wraps_validation_errors" time="0.000" /><testcase classname="tests.test_main" name="test_ensure_request_llm_operational_wraps_errors" time="0.000" /><testcase classname="tests.test_main" name="test_ensure_startup_llm_connectivity_success" time="0.000" /><testcase classname="tests.test_main" name="test_ensure_startup_llm_connectivity_failure" time="0.000" /><testcase classname="tests.test_main" name="test_ingest_case_success" time="0.001" /><testcase classname="tests.test_main" name="test_ingest_case_wraps_processing_errors" time="0.011" /><testcase classname="tests.test_main" name="test_ingest_case_passes_selected_schema_to_workflow" time="0.001" /><testcase classname="tests.test_main" name="test_ingest_case_rejects_invalid_schema" time="0.000" /><testcase classname="tests.test_main" name="test_get_ingest_schemas_returns_options" time="0.000" /><testcase classname="tests.test_main" name="test_save_ingest_schema_persists_custom_doc" time="0.000" /><testcase classname="tests.test_main" name="test_save_ingest_schema_rejects_builtin_key" time="0.000" /><testcase classname="tests.test_main" name="test_delete_ingest_schema_rejects_builtin_key" time="0.000" /><testcase classname="tests.test_main" name="test_ingest_case_skip_reassess_uses_per_file_docs" time="0.002" /><testcase classname="tests.test_main" name="test_ingest_case_purges_stale_case_docs" time="0.001" /><testcase classname="tests.test_main" name="test_ingest_case_purge_wraps_delete_errors" time="0.001" /><testcase classname="tests.test_main" name="test_safe_case_depositions_handles_errors_and_non_iterable" time="0.000" /><testcase classname="tests.test_main" name="test_purge_stale_case_depositions_skips_docs_without_id" time="0.000" /><testcase classname="tests.test_main" name="test_canonical_deposition_doc_id_uses_case_and_file_stem" time="0.000" /><testcase classname="tests.test_main" name="test_purge_noncanonical_case_depositions_removes_legacy_duplicates" time="0.000" /><testcase classname="tests.test_main" name="test_purge_noncanonical_case_depositions_wraps_delete_errors" time="0.000" /><testcase classname="tests.test_main" name="test_purge_noncanonical_case_depositions_skips_docs_without_id" time="0.000" /><testcase classname="tests.test_main" name="test_list_depositions_sorts_descending" time="0.000" /><testcase classname="tests.test_main" name="test_list_depositions_dashboard_handles_missing_and_none_scores" time="0.000" /><testcase classname="tests.test_main" name="test_get_deposition_success_and_not_found" time="0.000" /><testcase classname="tests.test_main" name="test_chat_success" time="0.001" /><testcase classname="tests.test_main" name="test_chat_success_with_trace_provider" time="0.001" /><testcase classname="tests.test_main" name="test_chat_wraps_service_errors" time="0.000" /><testcase classname="tests.test_main" name="test_chat_errors" time="0.000" /><testcase classname="tests.test_main" name="test_reason_contradiction_success" time="0.001" /><testcase classname="tests.test_main" name="test_reason_contradiction_wraps_service_errors" time="0.000" /><testcase classname="tests.test_main" name="test_reason_contradiction_errors" time="0.000" /><testcase classname="tests.test_main" name="test_summarize_focused_reasoning_success" time="0.001" /><testcase classname="tests.test_main" name="test_summarize_focused_reasoning_wraps_service_errors" time="0.000" /><testcase classname="tests.test_main" name="test_summarize_focused_reasoning_errors" time="0.000" /><testcase classname="tests.test_main" name="test_compute_deposition_sentiment_labels_negative_and_neutral" time="0.000" /><testcase classname="tests.test_main" name="test_deposition_sentiment_success" time="0.001" /><testcase classname="tests.test_main" name="test_deposition_sentiment_errors" time="0.000" /><testcase classname="tests.test_main_coverage_extra" name="test_default_graph_rag_embedding_config_falls_back_to_openai" time="0.000" /><testcase classname="tests.test_main_coverage_extra" name="test_load_graph_rag_embedding_config_falls_back_when_provider_invalid_or_validation_fails" time="0.000" /><testcase classname="tests.test_main_coverage_extra" name="test_save_graph_rag_embedding_config_preserves_existing_rev" time="0.000" /><testcase classname="tests.test_main_coverage_extra" name="test_build_graph_rag_query_embedding_handles_empty_openai_missing_key_and_no_data" time="0.000" /><testcase classname="tests.test_main_coverage_extra" name="test_build_graph_rag_query_embedding_uses_ollama_embeddings_fallback_and_handles_invalid_vector" time="0.000" /><testcase classname="tests.test_main_coverage_extra" name="test_build_graph_rag_query_embedding_logs_warning_on_exception" time="0.000" /><testcase classname="tests.test_main_coverage_extra" name="test_resolve_deposition_browser_directory_strips_leading_dot_parts" time="0.001" /><testcase classname="tests.test_main_coverage_extra" name="test_toolathlon_helper_branches" time="0.000" /><testcase classname="tests.test_main_coverage_extra" name="test_compute_toolathlon_metrics_covers_dual_persona_and_error_recovery" time="0.000" /><testcase classname="tests.test_main_coverage_extra" name="test_legacy_and_normalized_persona_prompt_sections_cover_marker_paths" time="0.000" /><testcase classname="tests.test_main_coverage_extra" name="test_legacy_persona_prompts_unknown_marker_falls_back_to_system" time="0.000" /><testcase classname="tests.test_main_coverage_extra" name="test_list_admin_personas_skips_docs_without_prompt_content" time="0.000" /><testcase classname="tests.test_main_coverage_extra" name="test_save_admin_persona_graph_session_validates_required_fields[-Q-A-Persona id is required]" time="0.001" /><testcase classname="tests.test_main_coverage_extra" name="test_save_admin_persona_graph_session_validates_required_fields[persona-1--A-Graph question is required]" time="0.001" /><testcase classname="tests.test_main_coverage_extra" name="test_save_admin_persona_graph_session_validates_required_fields[persona-1-Q--Graph answer is required]" time="0.001" /><testcase classname="tests.test_main_coverage_extra" name="test_save_admin_persona_graph_session_requires_persona_doc" time="0.001" /><testcase classname="tests.test_main_coverage_extra" name="test_grafana_access_info_falls_back_when_url_blank" time="0.000" /><testcase classname="tests.test_main_coverage_extra" name="test_lifespan_logs_langfuse_enabled_message" time="0.001" /><testcase classname="tests.test_main_coverage_extra" name="test_compute_correctness_drift_metrics_skips_non_dict_sessions" time="0.000" /><testcase classname="tests.test_main_coverage_extra" name="test_refresh_thought_stream_inventory_metrics_skips_non_dict_events" time="0.000" /><testcase classname="tests.test_main_coverage_extra" name="test_save_graph_rag_embedding_config_validates_fields[kwargs0-Embedding model is required.]" time="0.001" /><testcase classname="tests.test_main_coverage_extra" name="test_save_graph_rag_embedding_config_validates_fields[kwargs1-Embedding index name is required.]" time="0.001" /><testcase classname="tests.test_main_coverage_extra" name="test_save_graph_rag_embedding_config_validates_fields[kwargs2-Embedding node label is required.]" time="0.001" /><testcase classname="tests.test_main_coverage_extra" name="test_save_graph_rag_embedding_config_validates_fields[kwargs3-Embedding property name is required.]" time="0.001" /><testcase classname="tests.test_main_coverage_extra" name="test_graph_rag_query_passes_langchain_config_when_present" time="0.001" /><testcase classname="tests.test_main_coverage_extra" name="test_normalize_ingest_schema_key_and_custom_schema_helpers" time="0.001" /><testcase classname="tests.test_main_coverage_extra" name="test_build_ingest_schema_options_skips_duplicates_and_invalid_custom" time="0.000" /><testcase classname="tests.test_main_coverage_extra" name="test_resolve_ingest_schema_selection_and_schema_save_delete_branches" time="0.002" /><testcase classname="tests.test_mcp_servers" name="test_thought_stream_with_client_and_error_branches" time="0.014" /><testcase classname="tests.test_mcp_servers" name="test_mcp_server_main_runs_stdio[mcp_servers.thought_stream_server-thought_stream_server.py]" time="0.013" /><testcase classname="tests.test_mcp_servers" name="test_mcp_server_main_runs_stdio[mcp_servers.couchdb_server-couchdb_server.py]" time="0.013" /><testcase classname="tests.test_mcp_servers" name="test_mcp_server_main_runs_stdio[mcp_servers.neo4j_ontology_server-neo4j_ontology_server.py]" time="0.012" /><testcase classname="tests.test_mcp_servers" name="test_couchdb_server_end_to_end" time="0.011" /><testcase classname="tests.test_mcp_servers" name="test_couchdb_server_settings_and_with_client" time="0.011" /><testcase classname="tests.test_mcp_servers" name="test_neo4j_server_end_to_end" time="0.012" /><testcase classname="tests.test_mcp_servers" name="test_neo4j_server_settings_and_with_graph" time="0.011" /><testcase classname="tests.test_metrics" name="test_metrics_helpers_render_prometheus_payload" time="0.008" /><testcase classname="tests.test_models" name="test_claim_confidence_validation" time="0.000" /><testcase classname="tests.test_models" name="test_claim_confidence_normalizes_integer_percent_scale" time="0.000" /><testcase classname="tests.test_models" name="test_claim_confidence_normalizes_percent_string" time="0.000" /><testcase classname="tests.test_models" name="test_claim_confidence_empty_string_is_invalid" time="0.000" /><testcase classname="tests.test_models" name="test_claim_confidence_non_numeric_string_is_invalid" time="0.000" /><testcase classname="tests.test_models" name="test_claim_confidence_plain_numeric_string_normalized_when_integer_scale" time="0.000" /><testcase classname="tests.test_models" name="test_claim_confidence_bool_is_invalid" time="0.000" /><testcase classname="tests.test_models" name="test_claim_confidence_none_is_invalid" time="0.000" /><testcase classname="tests.test_models" name="test_deposition_schema_defaults_claims" time="0.000" /><testcase classname="tests.test_models" name="test_contradiction_assessment_bounds" time="0.000" /><testcase classname="tests.test_models" name="test_deposition_document_alias_fields" time="0.000" /><testcase classname="tests.test_models" name="test_ingest_case_response_default_empty" time="0.000" /><testcase classname="tests.test_models" name="test_ingest_schema_models_round_trip" time="0.000" /><testcase classname="tests.test_models" name="test_agent_trace_payload_and_event_model" time="0.000" /><testcase classname="tests.test_models" name="test_request_models_roundtrip" time="0.000" /><testcase classname="tests.test_models" name="test_llm_options_response_defaults" time="0.000" /><testcase classname="tests.test_models" name="test_case_models_defaults_and_bounds" time="0.001" /><testcase classname="tests.test_models" name="test_agent_runtime_metrics_models" time="0.000" /><testcase classname="tests.test_models" name="test_graph_rag_models" time="0.000" /><testcase classname="tests.test_neo4j_graph" name="test_split_iri_and_resource_helpers" time="0.000" /><testcase classname="tests.test_neo4j_graph" name="test_get_driver_requires_configuration" time="0.001" /><testcase classname="tests.test_neo4j_graph" name="test_get_driver_requires_neo4j_package" time="0.001" /><testcase classname="tests.test_neo4j_graph" name="test_health_when_not_configured" time="0.000" /><testcase classname="tests.test_neo4j_graph" name="test_health_when_connected" time="0.000" /><testcase classname="tests.test_neo4j_graph" name="test_health_when_driver_fails" time="0.000" /><testcase classname="tests.test_neo4j_graph" name="test_close_closes_driver" time="0.000" /><testcase classname="tests.test_neo4j_graph" name="test_parse_graph_file_retries_with_xml" time="0.004" /><testcase classname="tests.test_neo4j_graph" name="test_load_owl_files_validates_empty_input" time="0.001" /><testcase classname="tests.test_neo4j_graph" name="test_load_owl_files_imports_triples" time="0.001" /><testcase classname="tests.test_neo4j_graph" name="test_load_owl_files_skips_invalid_triples_and_uses_flush_guard" time="0.001" /><testcase classname="tests.test_neo4j_graph" name="test_clear_graph_executes_delete" time="0.000" /><testcase classname="tests.test_neo4j_graph" name="test_search_terms_removes_stopwords_and_deduplicates" time="0.000" /><testcase classname="tests.test_neo4j_graph" name="test_search_terms_caps_result_count_at_eight" time="0.000" /><testcase classname="tests.test_neo4j_graph" name="test_search_terms_fallbacks_for_short_input" time="0.000" /><testcase classname="tests.test_neo4j_graph" name="test_retrieve_context_validates_question" time="0.001" /><testcase classname="tests.test_neo4j_graph" name="test_retrieve_context_raises_when_search_terms_are_empty" time="0.001" /><testcase classname="tests.test_neo4j_graph" name="test_retrieve_context_builds_context_text" time="0.000" /><testcase classname="tests.test_neo4j_graph" name="test_retrieve_context_handles_no_rows" time="0.000" /><testcase classname="tests.test_neo4j_graph" name="test_retrieve_context_prefers_vector_query_when_embedding_is_available" time="0.000" /><testcase classname="tests.test_neo4j_graph" name="test_retrieve_context_falls_back_to_keyword_when_vector_query_fails" time="0.000" /><testcase classname="tests.test_neo4j_graph" name="test_retrieve_context_ignores_invalid_vector_score" time="0.000" /><testcase classname="tests.test_neo4j_graph" name="test_list_resources_returns_filtered_resource_rows" time="0.000" /><testcase classname="tests.test_neo4j_graph" name="test_get_resource_returns_relations_and_literals" time="0.000" /><testcase classname="tests.test_neo4j_graph" name="test_get_resource_validates_iri_and_handles_missing" time="0.001" /><testcase classname="tests.test_observability_dashboard" name="test_thought_stream_persisted_panel_is_table_with_instant_query" time="0.000" /><testcase classname="tests.test_prompts" name="test_load_prompt_success_reads_template_file" time="0.000" /><testcase classname="tests.test_prompts" name="test_load_prompt_unknown_name_raises_value_error" time="0.001" /><testcase classname="tests.test_prompts" name="test_load_prompt_missing_file_raises" time="0.001" /><testcase classname="tests.test_prompts" name="test_render_prompt_success_substitutes_variables" time="0.000" /><testcase classname="tests.test_prompts" name="test_render_prompt_missing_variable_raises_value_error" time="0.001" /><testcase classname="tests.test_prompts" name="test_render_graph_rag_prompt_templates" time="0.000" /><testcase classname="tests.test_prompts" name="test_prompt_dir_points_to_backend_prompts_folder" time="0.000" /><testcase classname="tests.test_prompts" name="test_list_prompt_templates_returns_all_known_prompts" time="0.001" /><testcase classname="tests.test_schemas" name="test_load_schema_success_reads_json_object" time="0.000" /><testcase classname="tests.test_schemas" name="test_load_schema_unknown_name_raises_value_error" time="0.001" /><testcase classname="tests.test_schemas" name="test_load_schema_missing_file_raises" time="0.001" /><testcase classname="tests.test_schemas" name="test_load_schema_non_object_raises" time="0.001" /><testcase classname="tests.test_schemas" name="test_schema_dir_points_to_backend_schemas_folder" time="0.000" /><testcase classname="tests.test_schemas" name="test_schema_key_from_filename_normalizes_punctuation" time="0.000" /><testcase classname="tests.test_schemas" name="test_discover_schema_files_returns_default_when_schema_dir_missing" time="0.000" /><testcase classname="tests.test_schemas" name="test_discover_schema_files_adds_deposition_schema_fallback" time="0.001" /><testcase classname="tests.test_schemas" name="test_list_schema_options_returns_valid_known_schemas" time="0.001" /><testcase classname="tests.test_schemas" name="test_list_schema_options_skips_invalid_json" time="0.001" /><testcase classname="tests.test_schemas" name="test_list_schema_options_returns_default_option_when_no_schema_loads" time="0.000" /><testcase classname="tests.test_schemas" name="test_deposition_schema_contract_matches_runtime_model_shape" time="0.000" /><testcase classname="tests.test_terraform_bundle" name="test_terraform_scaffold_files_exist" time="0.000" /><testcase classname="tests.test_terraform_bundle" name="test_terraform_main_includes_aws_infra_for_eks_gpu_and_efs" time="0.000" /><testcase classname="tests.test_terraform_bundle" name="test_terraform_outputs_cover_cluster_registry_and_storage" time="0.000" /><testcase classname="tests.test_terraform_bundle" name="test_gitignore_excludes_terraform_local_state" time="0.000" /><testcase classname="tests.test_terraform_bundle" name="test_readme_references_terraform_aws_flow" time="0.000" /><testcase classname="tests.test_thought_stream_mcp" name="test_settings_defaults_and_overrides" time="0.000" /><testcase classname="tests.test_thought_stream_mcp" name="test_trace_doc_id_and_status_validation" time="0.001" /><testcase classname="tests.test_thought_stream_mcp" name="test_coerce_events_validation" time="0.001" /><testcase classname="tests.test_thought_stream_mcp" name="test_thought_stream_health" time="0.000" /><testcase classname="tests.test_thought_stream_mcp" name="test_append_get_list_delete_flow" time="0.000" /><testcase classname="tests.test_thought_stream_mcp" name="test_append_assigns_sequence_across_calls" time="0.000" /><testcase classname="tests.test_thought_stream_mcp" name="test_append_requires_trace_id_and_valid_status" time="0.001" /></testsuite></testsuites>